[38;2;224;177;077mﱮ[0m testdata/dirEnv:
[38;2;032;173;194mﳑ[0m⠀1test.go       
[38;2;255;202;061m[0m⠀2test.js       
[38;2;052;102;143m[0m⠀3test.py       
[38;2;066;165;245m[0m⠀abc.css        
[38;2;237;080;122m[0m⠀abc.sass       
[38;2;001;135;201m[0m⠀Dockerfile     
[38;2;076;175;080m[0m⠀Downloads/     
[38;2;067;160;071mנּ[0m⠀test.routes.tsx
[38;2;224;177;077m[0m⠀testDir/       

[38;2;224;177;077mﱮ[0m testdata/dirEnv/Downloads:

[38;2;224;177;077mﱮ[0m testdata/dirEnv/testDir:
[38;2;032;173;194mﳑ[0m⠀1test.go
[38;2;255;202;061m[0m⠀2test.js
[38;2;066;165;245m[0m⠀abc.txt 
