Downloads/     
testDir/       
1test.go       
2test.js       
3test.py       
abc.css        
abc.sass       
Dockerfile     
test.routes.tsx
